
> vite_react_shadcn_ts@0.0.0 build
> vite build

[36mvite v7.3.1 [32mbuilding client environment for production...[36m[39m
transforming...
node.exe : 
Browserslist: browsers 
data (caniuse-lite) is 
11 months old. Please 
run:
At line:1 char:1
+ & "C:\Program 
Files\nodejs/node.exe" 
"C:\Program 
Files\nodejs/node_mo 
...
+ ~~~~~~~~~~~~~~~~~~~~~
~~~~~~~~~~~~~~~~~~~~~~~
~~~~~~~~~~~~~~~~~~~~~~~
~~
    + CategoryInfo     
         : NotSpecifi  
  ed: (Browserslist:   
  b...ld. Please ru    
n::String) [], Rem    
oteException
    + FullyQualifiedEr 
   rorId : NativeComm  
  andError
 
  npx update-browsersli
st-db@latest
  Why you should do it 
regularly: https://gith
ub.com/browserslist/upd
ate-db#readme
[32mΓ£ô[39m 328 modules transformed.
[31mΓ£ù[39m Build 
failed in 2.79s
[31merror during 
build:
[31m[vite:esbuild] 
Transform failed with 
9 errors:
C:/Users/ris15/Desktop/
dastavezai-web/frontend
/src/departmentApp/page
s/Login.jsx:51:9: 
ERROR: The symbol 
"resetOtp" has already 
been declared
C:/Users/ris15/Desktop/
dastavezai-web/frontend
/src/departmentApp/page
s/Login.jsx:51:19: 
ERROR: The symbol 
"setResetOtp" has 
already been declared
C:/Users/ris15/Desktop/
dastavezai-web/frontend
/src/departmentApp/page
s/Login.jsx:52:9: 
ERROR: The symbol 
"resetPassword" has 
already been declared
C:/Users/ris15/Desktop/
dastavezai-web/frontend
/src/departmentApp/page
s/Login.jsx:52:24: 
ERROR: The symbol 
"setResetPassword" has 
already been declared
C:/Users/ris15/Desktop/
dastavezai-web/frontend
/src/departmentApp/page
s/Login.jsx:53:9: 
ERROR: The symbol 
"resetConfirmPassword" 
has already been 
declared
...[31m
file: [36mC:/Users/ris
15/Desktop/dastavezai-w
eb/frontend/src/departm
entApp/pages/Login.jsx:
51:9[31m
[33m
[33mThe symbol 
"resetOtp" has already 
been declared[33m
49 |    const bgColor 
= useColorModeValue('wh
ite', 'gray.800');
50 |    const 
borderColor = useColorM
odeValue('gray.200', 
'gray.700');
51 |    const 
[resetOtp, 
setResetOtp] = 
useState('');
   |           ^
52 |    const 
[resetPassword, 
setResetPassword] = 
useState('');
53 |    const 
[resetConfirmPassword, 
setResetConfirmPassword
] = useState('');

[33mThe symbol 
"setResetOtp" has 
already been 
declared[33m
49 |    const bgColor 
= useColorModeValue('wh
ite', 'gray.800');
50 |    const 
borderColor = useColorM
odeValue('gray.200', 
'gray.700');
51 |    const 
[resetOtp, 
setResetOtp] = 
useState('');
   |                   
  ^
52 |    const 
[resetPassword, 
setResetPassword] = 
useState('');
53 |    const 
[resetConfirmPassword, 
setResetConfirmPassword
] = useState('');

[33mThe symbol 
"resetPassword" has 
already been 
declared[33m
50 |    const 
borderColor = useColorM
odeValue('gray.200', 
'gray.700');
51 |    const 
[resetOtp, 
setResetOtp] = 
useState('');
52 |    const 
[resetPassword, 
setResetPassword] = 
useState('');
   |           ^
53 |    const 
[resetConfirmPassword, 
setResetConfirmPassword
] = useState('');
54 |  

[33mThe symbol 
"setResetPassword" has 
already been 
declared[33m
50 |    const 
borderColor = useColorM
odeValue('gray.200', 
'gray.700');
51 |    const 
[resetOtp, 
setResetOtp] = 
useState('');
52 |    const 
[resetPassword, 
setResetPassword] = 
useState('');
   |                   
       ^
53 |    const 
[resetConfirmPassword, 
setResetConfirmPassword
] = useState('');
54 |  

[33mThe symbol 
"resetConfirmPassword" 
has already been 
declared[33m
51 |    const 
[resetOtp, 
setResetOtp] = 
useState('');
52 |    const 
[resetPassword, 
setResetPassword] = 
useState('');
53 |    const 
[resetConfirmPassword, 
setResetConfirmPassword
] = useState('');
   |           ^
54 |  
55 |    

[33mThe symbol "setRes
etConfirmPassword" has 
already been 
declared[33m
51 |    const 
[resetOtp, 
setResetOtp] = 
useState('');
52 |    const 
[resetPassword, 
setResetPassword] = 
useState('');
53 |    const 
[resetConfirmPassword, 
setResetConfirmPassword
] = useState('');
   |                   
              ^
54 |  
55 |    

[33mThe symbol 
"bgColor" has already 
been declared[33m
54 |  
55 |    
56 |    const bgColor 
= useColorModeValue('wh
ite', 'gray.800');
   |          ^
57 |    const 
borderColor = useColorM
odeValue('gray.200', 
'gray.700');
58 |    const 
textColor = useColorMod
eValue('gray.600', 
'gray.300');

[33mThe symbol 
"borderColor" has 
already been 
declared[33m
55 |    
56 |    const bgColor 
= useColorModeValue('wh
ite', 'gray.800');
57 |    const 
borderColor = useColorM
odeValue('gray.200', 
'gray.700');
   |          ^
58 |    const 
textColor = useColorMod
eValue('gray.600', 
'gray.300');
59 |    const 
headingColor = useColor
ModeValue('gray.800', 
'white');

[33mExpected ";" but 
found ":"[33m
80 |          
setStep(3);
81 |          status: 
'error',
82 |          
duration: 3000,
   |                  ^
83 |          
isClosable: true,
84 |        });
[31m
    at 
failureErrorWithLog (C:
\Users\ris15\Desktop\da
stavezai-web\frontend\n
ode_modules\vite\node_m
odules\esbuild\lib\main
.js:1467:15)
    at C:\Users\ris15\D
esktop\dastavezai-web\f
rontend\node_modules\vi
te\node_modules\esbuild
\lib\main.js:736:50
    at responseCallback
s.<computed> (C:\Users\
ris15\Desktop\dastaveza
i-web\frontend\node_mod
ules\vite\node_modules\
esbuild\lib\main.js:603
:9)
    at 
handleIncomingPacket (C
:\Users\ris15\Desktop\d
astavezai-web\frontend\
node_modules\vite\node_
modules\esbuild\lib\mai
n.js:658:12)
    at 
Socket.readFromStdout (
C:\Users\ris15\Desktop\
dastavezai-web\frontend
\node_modules\vite\node
_modules\esbuild\lib\ma
in.js:581:7)
    at Socket.emit 
(node:events:508:28)
    at addChunk (node:i
nternal/streams/readabl
e:559:12)
    at readableAddChunk
PushByteMode (node:inte
rnal/streams/readable:5
10:3)
    at Readable.push (n
ode:internal/streams/re
adable:390:5)
    at 
Pipe.onStreamRead (node
:internal/stream_base_c
ommons:189:23)[39m
