﻿
> vite_react_shadcn_ts@0.0.0 build
> vite build

[36mvite v7.3.1 [32mbuilding client environment for production...[36m[39m
transforming...
node.exe : Browserslist: 
browsers data 
(caniuse-lite) is 11 
months old. Please run:
At line:1 char:1
+ & "C:\Program 
Files\nodejs/node.exe" 
"C:\Program 
Files\nodejs/node_mo ...
+ ~~~~~~~~~~~~~~~~~~~~~~~~~
~~~~~~~~~~~~~~~~~~~~~~~~~~~
~~~~~~~~~~~~~~~~~
    + CategoryInfo         
     : NotSpecified: (Bro  
  wserslist: b...ld. Ple   
 ase run::String) [], R    
emoteException
    + FullyQualifiedErrorI 
   d : NativeCommandError
 
  npx update-browserslist-d
b@latest
  Why you should do it 
regularly: https://github.c
om/browserslist/update-db#r
eadme
[32mΓ£ô[39m 2627 modules transformed.
[31mΓ£ù[39m Build failed 
in 5.27s
[31merror during build:
[31m[vite]: Rollup failed 
to resolve import "@tiptap/
extension-superscript" 
from "C:/Users/ris15/Deskto
p/dastavezai-web/frontend/s
rc/departmentApp/components
/FullPageEditor.jsx".
This is most likely 
unintended because it can 
break your application at 
runtime.
If you do want to 
externalize this module 
explicitly add it to
`build.rollupOptions.extern
al`[31m
    at viteLog (file:///C:/
Users/ris15/Desktop/dastave
zai-web/frontend/node_modul
es/vite/dist/node/chunks/co
nfig.js:33635:57)
    at file:///C:/Users/ris
15/Desktop/dastavezai-web/f
rontend/node_modules/vite/d
ist/node/chunks/config.js:3
3669:73
    at onwarn (file:///C:/U
sers/ris15/Desktop/dastavez
ai-web/frontend/node_module
s/@vitejs/plugin-react-swc/
index.js:76:7)
    at file:///C:/Users/ris
15/Desktop/dastavezai-web/f
rontend/node_modules/vite/d
ist/node/chunks/config.js:3
3669:28
    at onRollupLog (file://
/C:/Users/ris15/Desktop/das
tavezai-web/frontend/node_m
odules/vite/dist/node/chunk
s/config.js:33664:63)
    at onLog (file:///C:/Us
ers/ris15/Desktop/dastaveza
i-web/frontend/node_modules
/vite/dist/node/chunks/conf
ig.js:33467:4)
    at file:///C:/Users/ris
15/Desktop/dastavezai-web/f
rontend/node_modules/rollup
/dist/es/shared/node-entry.
js:21081:32
    at Object.logger [as 
onLog] (file:///C:/Users/ri
s15/Desktop/dastavezai-web/
frontend/node_modules/rollu
p/dist/es/shared/node-entry
.js:22968:9)
    at ModuleLoader.handleI
nvalidResolvedId (file:///C
:/Users/ris15/Desktop/dasta
vezai-web/frontend/node_mod
ules/rollup/dist/es/shared/
node-entry.js:21712:26)
    at file:///C:/Users/ris
15/Desktop/dastavezai-web/f
rontend/node_modules/rollup
/dist/es/shared/node-entry.
js:21670:26[39m
